IQ-TREE multicore version 2.4.0 for MacOS ARM 64-bit built Mar  8 2025
Developed by Bui Quang Minh, Nguyen Lam Tung, Olga Chernomor, Heiko Schmidt,
Dominik Schrempf, Michael Woodhams, Ly Trong Nhan, Thomas Wong

Host:    MacBook-Pro-4.local (SSE4.2, 128 GB RAM)
Command: /Applications/iqtree-2.4.0-macOS/iqtree2 -s /Users/ricardobetancur/Desktop/Proxy_Misplaced/chronosPL/galeichthys-alignment-cleanup/docs/trees/01_Gene_Alignments_Non-Trimmed.concat.fasta -m GTR+G -nt AUTO -seed 12345 -redo --prefix /Users/ricardobetancur/Desktop/Proxy_Misplaced/chronosPL/galeichthys-alignment-cleanup/docs/trees/01_Gene_Alignments_Non-Trimmed
Seed:    12345 (Using SPRNG - Scalable Parallel Random Number Generator)
Time:    Tue Jun  9 15:15:06 2026
Kernel:  SSE2 - auto-detect threads (16 CPU cores detected)

Reading alignment file /Users/ricardobetancur/Desktop/Proxy_Misplaced/chronosPL/galeichthys-alignment-cleanup/docs/trees/01_Gene_Alignments_Non-Trimmed.concat.fasta ... Fasta format detected
Reading fasta file: done in 0.00269103 secs using 91.27% CPU
Alignment most likely contains DNA/RNA sequences
WARNING: 243 sites contain only gaps or ambiguous characters.
Alignment has 10 sequences with 32211 columns, 1292 distinct patterns
337 parsimony-informative, 695 singleton sites, 31179 constant sites
          Gap/Ambiguity  Composition  p-value
Analyzing sequences: done in 0.00011611 secs using 43.06% CPU
   1  Sp1_ind1   25.75%    passed     76.70%
   2  Sp2_ind3   83.65%    failed      0.00%
   3  Sp3_ind2   39.83%    passed      6.59%
   4  Sp2_ind1   11.89%    passed     71.81%
   5  Sp5_ind1   84.53%    failed      0.00%
   6  Sp3_ind1   29.60%    passed     38.55%
   7  Sp3_ind3   11.30%    passed      7.25%
   8  Sp2_ind2   11.52%    passed     23.59%
   9  Sp2_ind4   12.34%    passed     14.81%
  10  Sp4_ind1   14.17%    failed      3.86%
WARNING: 2 sequences contain more than 50% gaps/ambiguity
****  TOTAL      32.46%  3 sequences failed composition chi2 test (p-value<5%; df=3)

Create initial parsimony tree by phylogenetic likelihood library (PLL)... 0.000 seconds

NOTE: 1 MB RAM (0 GB) is required!
Measuring multi-threading efficiency up to 16 CPU cores
Increase to 10 rounds for branch lengths
1754 trees examined
Threads: 1 / Time: 16.009 sec / Speedup: 1.000 / Efficiency: 100% / LogL: -54214
Threads: 2 / Time: 16.437 sec / Speedup: 0.974 / Efficiency: 49% / LogL: -54214
BEST NUMBER OF THREADS: 1

Estimate model parameters (epsilon = 0.100)
1. Initial log-likelihood: -52726.537
2. Current log-likelihood: -52354.879
3. Current log-likelihood: -52351.751
4. Current log-likelihood: -52351.211
Optimal log-likelihood: -52351.091
Rate parameters:  A-C: 0.87105  A-G: 2.17973  A-T: 0.85103  C-G: 0.62174  C-T: 2.25069  G-T: 1.00000
Base frequencies:  A: 0.253  C: 0.234  G: 0.238  T: 0.275
Gamma shape alpha: 0.020
Parameters optimization took 4 rounds (0.056 sec)
Wrote distance file to... 
Computing ML distances based on estimated model parameters...
Calculating distance matrix: done in 0.000396967 secs using 99% CPU
Computing ML distances took 0.000472 sec (of wall-clock time) 0.000453 sec (of CPU time)
Setting up auxiliary I and S matrices: done in 1.00136e-05 secs using 79.89% CPU
Computing RapidNJ tree took 0.000049 sec (of wall-clock time) 0.000037 sec (of CPU time)
Log-likelihood of RapidNJ tree: -52352.269
--------------------------------------------------------------------
|             INITIALIZING CANDIDATE TREE SET                      |
--------------------------------------------------------------------
Generating 98 parsimony trees... 0.033 second
Computing log-likelihood of 88 initial trees ... 0.117 seconds
Current best score: -52351.091

Do NNI search on 20 best initial trees
Estimate model parameters (epsilon = 0.100)
BETTER TREE FOUND at iteration 1: -52351.042
Iteration 10 / LogL: -52351.446 / Time: 0h:0m:32s
Iteration 20 / LogL: -52351.410 / Time: 0h:0m:32s
Finish initializing candidate tree set (1)
Current best tree score: -52351.042 / CPU time: 0.450
Number of iterations: 20
--------------------------------------------------------------------
|               OPTIMIZING CANDIDATE TREE SET                      |
--------------------------------------------------------------------
Estimate model parameters (epsilon = 0.100)
UPDATE BEST LOG-LIKELIHOOD: -52351.018
UPDATE BEST LOG-LIKELIHOOD: -52351.016
UPDATE BEST LOG-LIKELIHOOD: -52351.014
Iteration 30 / LogL: -52351.014 / Time: 0h:0m:33s (0h:1m:21s left)
UPDATE BEST LOG-LIKELIHOOD: -52351.013
Iteration 40 / LogL: -52351.799 / Time: 0h:0m:33s (0h:0m:51s left)
UPDATE BEST LOG-LIKELIHOOD: -52351.013
Iteration 50 / LogL: -52351.339 / Time: 0h:0m:33s (0h:0m:34s left)
UPDATE BEST LOG-LIKELIHOOD: -52351.013
UPDATE BEST LOG-LIKELIHOOD: -52351.013
Iteration 60 / LogL: -52351.669 / Time: 0h:0m:33s (0h:0m:23s left)
UPDATE BEST LOG-LIKELIHOOD: -52351.013
Iteration 70 / LogL: -52351.409 / Time: 0h:0m:33s (0h:0m:15s left)
UPDATE BEST LOG-LIKELIHOOD: -52351.013
Iteration 80 / LogL: -52351.471 / Time: 0h:0m:33s (0h:0m:8s left)
Iteration 90 / LogL: -52351.507 / Time: 0h:0m:34s (0h:0m:4s left)
UPDATE BEST LOG-LIKELIHOOD: -52351.013
Iteration 100 / LogL: -52356.497 / Time: 0h:0m:34s (0h:0m:0s left)
TREE SEARCH COMPLETED AFTER 102 ITERATIONS / Time: 0h:0m:34s

--------------------------------------------------------------------
|                    FINALIZING TREE SEARCH                        |
--------------------------------------------------------------------
Performs final model parameters optimization
Estimate model parameters (epsilon = 0.010)
1. Initial log-likelihood: -52351.013
Optimal log-likelihood: -52351.010
Rate parameters:  A-C: 0.87085  A-G: 2.18965  A-T: 0.85863  C-G: 0.63350  C-T: 2.26199  G-T: 1.00000
Base frequencies:  A: 0.253  C: 0.234  G: 0.238  T: 0.275
Gamma shape alpha: 0.020
Parameters optimization took 1 rounds (0.009 sec)
BEST SCORE FOUND : -52351.010
Total tree length: 0.066

Total number of iterations: 102
CPU time used for tree search: 1.680 sec (0h:0m:1s)
Wall-clock time used for tree search: 1.688 sec (0h:0m:1s)
Total CPU time used: 36.684 sec (0h:0m:36s)
Total wall-clock time used: 34.213 sec (0h:0m:34s)

Analysis results written to: 
  IQ-TREE report:                /Users/ricardobetancur/Desktop/Proxy_Misplaced/chronosPL/galeichthys-alignment-cleanup/docs/trees/01_Gene_Alignments_Non-Trimmed.iqtree
  Maximum-likelihood tree:       /Users/ricardobetancur/Desktop/Proxy_Misplaced/chronosPL/galeichthys-alignment-cleanup/docs/trees/01_Gene_Alignments_Non-Trimmed.treefile
  Likelihood distances:          /Users/ricardobetancur/Desktop/Proxy_Misplaced/chronosPL/galeichthys-alignment-cleanup/docs/trees/01_Gene_Alignments_Non-Trimmed.mldist
  Screen log file:               /Users/ricardobetancur/Desktop/Proxy_Misplaced/chronosPL/galeichthys-alignment-cleanup/docs/trees/01_Gene_Alignments_Non-Trimmed.log

Date and Time: Tue Jun  9 15:15:40 2026
